// Jest Snapshot v1, https://goo.gl/fbAQLP

exports[`renders execution 1`] = `
<div
  style={
    Object {
      "display": "flex",
      "height": "100%",
    }
  }
>
  <div
    className="LeftNav__LeftNavContainer-sc-1s6k43w-2 fvpwMW"
  >
    <div>
      <div
        className="LeftNav__LogoContainer-sc-1s6k43w-5 ebRkKK"
      >
        <img
          alt="logo"
          onClick={[Function]}
          src={
            Object {
              "process": [Function],
            }
          }
          style={
            Object {
              "height": 40,
            }
          }
        />
        <div
          className="LeftNav__LogoMetaContainer-sc-1s6k43w-6 hAsnwr"
        >
          <img
            alt="title"
            src={
              Object {
                "process": [Function],
              }
            }
            style={
              Object {
                "height": 10,
              }
            }
          />
          <span />
        </div>
        <div
          className="WebsocketStatus__Circle-sc-18wix91-0 czFjku LeftNav__LogoWebsocketStatus-sc-1s6k43w-0 jcGFaP"
          style={
            Object {
              "background": "#3DCC91",
            }
          }
          title="Connecting..."
        />
      </div>
      <a
        className="LeftNav__Tab-sc-1s6k43w-3 jgIaWh"
        href="/runs"
        onClick={[Function]}
      >
        <span
          className="bp3-icon bp3-icon-history"
          icon="history"
        >
          <svg
            data-icon="history"
            height={18}
            viewBox="0 0 16 16"
            width={18}
          >
            <desc>
              history
            </desc>
            <path
              d="M8 3c-.55 0-1 .45-1 1v4c0 .28.11.53.29.71l2 2a1.003 1.003 0 001.42-1.42L9 7.59V4c0-.55-.45-1-1-1zm0-3a7.95 7.95 0 00-6 2.74V1c0-.55-.45-1-1-1S0 .45 0 1v4c0 .55.45 1 1 1h4c.55 0 1-.45 1-1s-.45-1-1-1H3.54C4.64 2.78 6.23 2 8 2c3.31 0 6 2.69 6 6 0 2.61-1.67 4.81-4 5.63v-.01c-.63.23-1.29.38-2 .38-3.31 0-6-2.69-6-6 0-.55-.45-1-1-1s-1 .45-1 1c0 4.42 3.58 8 8 8 .34 0 .67-.03 1-.07.02 0 .04-.01.06-.01C12.98 15.4 16 12.06 16 8c0-4.42-3.58-8-8-8z"
              fillRule="evenodd"
            />
          </svg>
        </span>
        <div
          className="LeftNav__TabLabel-sc-1s6k43w-4 kirFmu"
        >
          Runs
        </div>
      </a>
      <a
        className="LeftNav__Tab-sc-1s6k43w-3 jgIaWh"
        href="/assets"
        onClick={[Function]}
      >
        <span
          className="bp3-icon bp3-icon-panel-table"
          icon="panel-table"
        >
          <svg
            data-icon="panel-table"
            height={18}
            viewBox="0 0 16 16"
            width={18}
          >
            <desc>
              panel-table
            </desc>
            <path
              d="M15 1H1c-.6 0-1 .4-1 1v11c0 .6.4 1 1 1h14c.6 0 1-.4 1-1V2c0-.6-.4-1-1-1zM8 9H6V7h2v2zm0-3H6V4h2v2zm-6 6V3h3v9H2zm4 0v-2h2v2H6zm8 0H9v-2h5v2zm0-3H9V7h5v2zm0-3H9V4h5v2z"
              fillRule="evenodd"
            />
          </svg>
        </span>
        <div
          className="LeftNav__TabLabel-sc-1s6k43w-4 kirFmu"
        >
          Assets
        </div>
      </a>
      <a
        className="LeftNav__Tab-sc-1s6k43w-3 jgIaWh"
        href="/scheduler"
        onClick={[Function]}
      >
        <span
          className="bp3-icon bp3-icon-time"
          icon="time"
        >
          <svg
            data-icon="time"
            height={18}
            viewBox="0 0 16 16"
            width={18}
          >
            <desc>
              time
            </desc>
            <path
              d="M8 0C3.58 0 0 3.58 0 8s3.58 8 8 8 8-3.58 8-8-3.58-8-8-8zm0 14c-3.31 0-6-2.69-6-6s2.69-6 6-6 6 2.69 6 6-2.69 6-6 6zm1-6.41V4c0-.55-.45-1-1-1s-1 .45-1 1v4c0 .28.11.53.29.71l2 2a1.003 1.003 0 001.42-1.42L9 7.59z"
              fillRule="evenodd"
            />
          </svg>
        </span>
        <div
          className="LeftNav__TabLabel-sc-1s6k43w-4 kirFmu"
        >
          Scheduler
        </div>
      </a>
    </div>
    <div
      style={
        Object {
          "height": 20,
        }
      }
    />
    <div
      className="bp3-dark"
      style={
        Object {
          "background": "rgba(0,0,0,0.3)",
          "color": "#FFFFFF",
          "display": "flex",
          "flex": 1,
          "flexDirection": "column",
          "overflow": "none",
        }
      }
    >
      <div
        className="bp3-popover-wrapper bp3-fill"
      >
        <div
          className="bp3-popover-target"
          onClick={[Function]}
        >
          <div
            className="RepositoryPicker__RepositoryPickerFlexContainer-lrfok7-1 hkytLz"
          >
            <div
              style={
                Object {
                  "flex": 1,
                  "minWidth": 0,
                }
              }
            >
              <div
                style={
                  Object {
                    "color": "#5C7080",
                    "fontSize": 10.5,
                    "userSelect": "none",
                  }
                }
              >
                REPOSITORY
              </div>
              <div
                className="RepositoryPicker__RepoTitle-lrfok7-0 rHXJq"
              >
                <div
                  className="bp3-spinner"
                >
                  <div
                    className="bp3-spinner-animation"
                  >
                    <svg
                      height={16}
                      strokeWidth="16.00"
                      viewBox="-3.00 -3.00 106.00 106.00"
                      width={16}
                    >
                      <path
                        className="bp3-spinner-track"
                        d="M 50,50 m 0,-45 a 45,45 0 1 1 0,90 a 45,45 0 1 1 0,-90"
                      />
                      <path
                        className="bp3-spinner-head"
                        d="M 50,50 m 0,-45 a 45,45 0 1 1 0,90 a 45,45 0 1 1 0,-90"
                        pathLength={280}
                        strokeDasharray="280 280"
                        strokeDashoffset={210}
                      />
                    </svg>
                  </div>
                </div>
              </div>
            </div>
          </div>
        </div>
      </div>
    </div>
  </div>
  <div
    className="bp3-non-ideal-state"
  >
    <div
      className="bp3-non-ideal-state-visual"
    >
      <div
        className="bp3-spinner"
      >
        <div
          className="bp3-spinner-animation"
        >
          <svg
            height={24}
            strokeWidth="16.00"
            viewBox="-3.00 -3.00 106.00 106.00"
            width={24}
          >
            <path
              className="bp3-spinner-track"
              d="M 50,50 m 0,-45 a 45,45 0 1 1 0,90 a 45,45 0 1 1 0,-90"
            />
            <path
              className="bp3-spinner-head"
              d="M 50,50 m 0,-45 a 45,45 0 1 1 0,90 a 45,45 0 1 1 0,-90"
              pathLength={280}
              strokeDasharray="280 280"
              strokeDashoffset={210}
            />
          </svg>
        </div>
      </div>
    </div>
  </div>
</div>
`;

exports[`renders pipeline page 1`] = `
<div
  style={
    Object {
      "display": "flex",
      "height": "100%",
    }
  }
>
  <div
    className="LeftNav__LeftNavContainer-sc-1s6k43w-2 fvpwMW"
  >
    <div>
      <div
        className="LeftNav__LogoContainer-sc-1s6k43w-5 ebRkKK"
      >
        <img
          alt="logo"
          onClick={[Function]}
          src={
            Object {
              "process": [Function],
            }
          }
          style={
            Object {
              "height": 40,
            }
          }
        />
        <div
          className="LeftNav__LogoMetaContainer-sc-1s6k43w-6 hAsnwr"
        >
          <img
            alt="title"
            src={
              Object {
                "process": [Function],
              }
            }
            style={
              Object {
                "height": 10,
              }
            }
          />
          <span />
        </div>
        <div
          className="WebsocketStatus__Circle-sc-18wix91-0 czFjku LeftNav__LogoWebsocketStatus-sc-1s6k43w-0 jcGFaP"
          style={
            Object {
              "background": "#3DCC91",
            }
          }
          title="Connecting..."
        />
      </div>
      <a
        className="LeftNav__Tab-sc-1s6k43w-3 jgIaWh"
        href="/runs"
        onClick={[Function]}
      >
        <span
          className="bp3-icon bp3-icon-history"
          icon="history"
        >
          <svg
            data-icon="history"
            height={18}
            viewBox="0 0 16 16"
            width={18}
          >
            <desc>
              history
            </desc>
            <path
              d="M8 3c-.55 0-1 .45-1 1v4c0 .28.11.53.29.71l2 2a1.003 1.003 0 001.42-1.42L9 7.59V4c0-.55-.45-1-1-1zm0-3a7.95 7.95 0 00-6 2.74V1c0-.55-.45-1-1-1S0 .45 0 1v4c0 .55.45 1 1 1h4c.55 0 1-.45 1-1s-.45-1-1-1H3.54C4.64 2.78 6.23 2 8 2c3.31 0 6 2.69 6 6 0 2.61-1.67 4.81-4 5.63v-.01c-.63.23-1.29.38-2 .38-3.31 0-6-2.69-6-6 0-.55-.45-1-1-1s-1 .45-1 1c0 4.42 3.58 8 8 8 .34 0 .67-.03 1-.07.02 0 .04-.01.06-.01C12.98 15.4 16 12.06 16 8c0-4.42-3.58-8-8-8z"
              fillRule="evenodd"
            />
          </svg>
        </span>
        <div
          className="LeftNav__TabLabel-sc-1s6k43w-4 kirFmu"
        >
          Runs
        </div>
      </a>
      <a
        className="LeftNav__Tab-sc-1s6k43w-3 jgIaWh"
        href="/assets"
        onClick={[Function]}
      >
        <span
          className="bp3-icon bp3-icon-panel-table"
          icon="panel-table"
        >
          <svg
            data-icon="panel-table"
            height={18}
            viewBox="0 0 16 16"
            width={18}
          >
            <desc>
              panel-table
            </desc>
            <path
              d="M15 1H1c-.6 0-1 .4-1 1v11c0 .6.4 1 1 1h14c.6 0 1-.4 1-1V2c0-.6-.4-1-1-1zM8 9H6V7h2v2zm0-3H6V4h2v2zm-6 6V3h3v9H2zm4 0v-2h2v2H6zm8 0H9v-2h5v2zm0-3H9V7h5v2zm0-3H9V4h5v2z"
              fillRule="evenodd"
            />
          </svg>
        </span>
        <div
          className="LeftNav__TabLabel-sc-1s6k43w-4 kirFmu"
        >
          Assets
        </div>
      </a>
      <a
        className="LeftNav__Tab-sc-1s6k43w-3 jgIaWh"
        href="/scheduler"
        onClick={[Function]}
      >
        <span
          className="bp3-icon bp3-icon-time"
          icon="time"
        >
          <svg
            data-icon="time"
            height={18}
            viewBox="0 0 16 16"
            width={18}
          >
            <desc>
              time
            </desc>
            <path
              d="M8 0C3.58 0 0 3.58 0 8s3.58 8 8 8 8-3.58 8-8-3.58-8-8-8zm0 14c-3.31 0-6-2.69-6-6s2.69-6 6-6 6 2.69 6 6-2.69 6-6 6zm1-6.41V4c0-.55-.45-1-1-1s-1 .45-1 1v4c0 .28.11.53.29.71l2 2a1.003 1.003 0 001.42-1.42L9 7.59z"
              fillRule="evenodd"
            />
          </svg>
        </span>
        <div
          className="LeftNav__TabLabel-sc-1s6k43w-4 kirFmu"
        >
          Scheduler
        </div>
      </a>
    </div>
    <div
      style={
        Object {
          "height": 20,
        }
      }
    />
    <div
      className="bp3-dark"
      style={
        Object {
          "background": "rgba(0,0,0,0.3)",
          "color": "#FFFFFF",
          "display": "flex",
          "flex": 1,
          "flexDirection": "column",
          "overflow": "none",
        }
      }
    >
      <div
        className="bp3-popover-wrapper bp3-fill"
      >
        <div
          className="bp3-popover-target"
          onClick={[Function]}
        >
          <div
            className="RepositoryPicker__RepositoryPickerFlexContainer-lrfok7-1 hkytLz"
          >
            <div
              style={
                Object {
                  "flex": 1,
                  "minWidth": 0,
                }
              }
            >
              <div
                style={
                  Object {
                    "color": "#5C7080",
                    "fontSize": 10.5,
                    "userSelect": "none",
                  }
                }
              >
                REPOSITORY
              </div>
              <div
                className="RepositoryPicker__RepoTitle-lrfok7-0 rHXJq"
              >
                <div
                  className="bp3-spinner"
                >
                  <div
                    className="bp3-spinner-animation"
                  >
                    <svg
                      height={16}
                      strokeWidth="16.00"
                      viewBox="-3.00 -3.00 106.00 106.00"
                      width={16}
                    >
                      <path
                        className="bp3-spinner-track"
                        d="M 50,50 m 0,-45 a 45,45 0 1 1 0,90 a 45,45 0 1 1 0,-90"
                      />
                      <path
                        className="bp3-spinner-head"
                        d="M 50,50 m 0,-45 a 45,45 0 1 1 0,90 a 45,45 0 1 1 0,-90"
                        pathLength={280}
                        strokeDasharray="280 280"
                        strokeDashoffset={210}
                      />
                    </svg>
                  </div>
                </div>
              </div>
            </div>
          </div>
        </div>
      </div>
    </div>
  </div>
  <div
    className="bp3-non-ideal-state"
  >
    <div
      className="bp3-non-ideal-state-visual"
    >
      <div
        className="bp3-spinner"
      >
        <div
          className="bp3-spinner-animation"
        >
          <svg
            height={24}
            strokeWidth="16.00"
            viewBox="-3.00 -3.00 106.00 106.00"
            width={24}
          >
            <path
              className="bp3-spinner-track"
              d="M 50,50 m 0,-45 a 45,45 0 1 1 0,90 a 45,45 0 1 1 0,-90"
            />
            <path
              className="bp3-spinner-head"
              d="M 50,50 m 0,-45 a 45,45 0 1 1 0,90 a 45,45 0 1 1 0,-90"
              pathLength={280}
              strokeDasharray="280 280"
              strokeDashoffset={210}
            />
          </svg>
        </div>
      </div>
    </div>
  </div>
</div>
`;

exports[`renders pipeline solid page 1`] = `
<div
  style={
    Object {
      "display": "flex",
      "height": "100%",
    }
  }
>
  <div
    className="LeftNav__LeftNavContainer-sc-1s6k43w-2 fvpwMW"
  >
    <div>
      <div
        className="LeftNav__LogoContainer-sc-1s6k43w-5 ebRkKK"
      >
        <img
          alt="logo"
          onClick={[Function]}
          src={
            Object {
              "process": [Function],
            }
          }
          style={
            Object {
              "height": 40,
            }
          }
        />
        <div
          className="LeftNav__LogoMetaContainer-sc-1s6k43w-6 hAsnwr"
        >
          <img
            alt="title"
            src={
              Object {
                "process": [Function],
              }
            }
            style={
              Object {
                "height": 10,
              }
            }
          />
          <span />
        </div>
        <div
          className="WebsocketStatus__Circle-sc-18wix91-0 czFjku LeftNav__LogoWebsocketStatus-sc-1s6k43w-0 jcGFaP"
          style={
            Object {
              "background": "#3DCC91",
            }
          }
          title="Connecting..."
        />
      </div>
      <a
        className="LeftNav__Tab-sc-1s6k43w-3 jgIaWh"
        href="/runs"
        onClick={[Function]}
      >
        <span
          className="bp3-icon bp3-icon-history"
          icon="history"
        >
          <svg
            data-icon="history"
            height={18}
            viewBox="0 0 16 16"
            width={18}
          >
            <desc>
              history
            </desc>
            <path
              d="M8 3c-.55 0-1 .45-1 1v4c0 .28.11.53.29.71l2 2a1.003 1.003 0 001.42-1.42L9 7.59V4c0-.55-.45-1-1-1zm0-3a7.95 7.95 0 00-6 2.74V1c0-.55-.45-1-1-1S0 .45 0 1v4c0 .55.45 1 1 1h4c.55 0 1-.45 1-1s-.45-1-1-1H3.54C4.64 2.78 6.23 2 8 2c3.31 0 6 2.69 6 6 0 2.61-1.67 4.81-4 5.63v-.01c-.63.23-1.29.38-2 .38-3.31 0-6-2.69-6-6 0-.55-.45-1-1-1s-1 .45-1 1c0 4.42 3.58 8 8 8 .34 0 .67-.03 1-.07.02 0 .04-.01.06-.01C12.98 15.4 16 12.06 16 8c0-4.42-3.58-8-8-8z"
              fillRule="evenodd"
            />
          </svg>
        </span>
        <div
          className="LeftNav__TabLabel-sc-1s6k43w-4 kirFmu"
        >
          Runs
        </div>
      </a>
      <a
        className="LeftNav__Tab-sc-1s6k43w-3 jgIaWh"
        href="/assets"
        onClick={[Function]}
      >
        <span
          className="bp3-icon bp3-icon-panel-table"
          icon="panel-table"
        >
          <svg
            data-icon="panel-table"
            height={18}
            viewBox="0 0 16 16"
            width={18}
          >
            <desc>
              panel-table
            </desc>
            <path
              d="M15 1H1c-.6 0-1 .4-1 1v11c0 .6.4 1 1 1h14c.6 0 1-.4 1-1V2c0-.6-.4-1-1-1zM8 9H6V7h2v2zm0-3H6V4h2v2zm-6 6V3h3v9H2zm4 0v-2h2v2H6zm8 0H9v-2h5v2zm0-3H9V7h5v2zm0-3H9V4h5v2z"
              fillRule="evenodd"
            />
          </svg>
        </span>
        <div
          className="LeftNav__TabLabel-sc-1s6k43w-4 kirFmu"
        >
          Assets
        </div>
      </a>
      <a
        className="LeftNav__Tab-sc-1s6k43w-3 jgIaWh"
        href="/scheduler"
        onClick={[Function]}
      >
        <span
          className="bp3-icon bp3-icon-time"
          icon="time"
        >
          <svg
            data-icon="time"
            height={18}
            viewBox="0 0 16 16"
            width={18}
          >
            <desc>
              time
            </desc>
            <path
              d="M8 0C3.58 0 0 3.58 0 8s3.58 8 8 8 8-3.58 8-8-3.58-8-8-8zm0 14c-3.31 0-6-2.69-6-6s2.69-6 6-6 6 2.69 6 6-2.69 6-6 6zm1-6.41V4c0-.55-.45-1-1-1s-1 .45-1 1v4c0 .28.11.53.29.71l2 2a1.003 1.003 0 001.42-1.42L9 7.59z"
              fillRule="evenodd"
            />
          </svg>
        </span>
        <div
          className="LeftNav__TabLabel-sc-1s6k43w-4 kirFmu"
        >
          Scheduler
        </div>
      </a>
    </div>
    <div
      style={
        Object {
          "height": 20,
        }
      }
    />
    <div
      className="bp3-dark"
      style={
        Object {
          "background": "rgba(0,0,0,0.3)",
          "color": "#FFFFFF",
          "display": "flex",
          "flex": 1,
          "flexDirection": "column",
          "overflow": "none",
        }
      }
    >
      <div
        className="bp3-popover-wrapper bp3-fill"
      >
        <div
          className="bp3-popover-target"
          onClick={[Function]}
        >
          <div
            className="RepositoryPicker__RepositoryPickerFlexContainer-lrfok7-1 hkytLz"
          >
            <div
              style={
                Object {
                  "flex": 1,
                  "minWidth": 0,
                }
              }
            >
              <div
                style={
                  Object {
                    "color": "#5C7080",
                    "fontSize": 10.5,
                    "userSelect": "none",
                  }
                }
              >
                REPOSITORY
              </div>
              <div
                className="RepositoryPicker__RepoTitle-lrfok7-0 rHXJq"
              >
                <div
                  className="bp3-spinner"
                >
                  <div
                    className="bp3-spinner-animation"
                  >
                    <svg
                      height={16}
                      strokeWidth="16.00"
                      viewBox="-3.00 -3.00 106.00 106.00"
                      width={16}
                    >
                      <path
                        className="bp3-spinner-track"
                        d="M 50,50 m 0,-45 a 45,45 0 1 1 0,90 a 45,45 0 1 1 0,-90"
                      />
                      <path
                        className="bp3-spinner-head"
                        d="M 50,50 m 0,-45 a 45,45 0 1 1 0,90 a 45,45 0 1 1 0,-90"
                        pathLength={280}
                        strokeDasharray="280 280"
                        strokeDashoffset={210}
                      />
                    </svg>
                  </div>
                </div>
              </div>
            </div>
          </div>
        </div>
      </div>
    </div>
  </div>
  <div
    className="bp3-non-ideal-state"
  >
    <div
      className="bp3-non-ideal-state-visual"
    >
      <div
        className="bp3-spinner"
      >
        <div
          className="bp3-spinner-animation"
        >
          <svg
            height={24}
            strokeWidth="16.00"
            viewBox="-3.00 -3.00 106.00 106.00"
            width={24}
          >
            <path
              className="bp3-spinner-track"
              d="M 50,50 m 0,-45 a 45,45 0 1 1 0,90 a 45,45 0 1 1 0,-90"
            />
            <path
              className="bp3-spinner-head"
              d="M 50,50 m 0,-45 a 45,45 0 1 1 0,90 a 45,45 0 1 1 0,-90"
              pathLength={280}
              strokeDasharray="280 280"
              strokeDashoffset={210}
            />
          </svg>
        </div>
      </div>
    </div>
  </div>
</div>
`;

exports[`renders solids explorer 1`] = `
<div
  style={
    Object {
      "display": "flex",
      "height": "100%",
    }
  }
>
  <div
    className="LeftNav__LeftNavContainer-sc-1s6k43w-2 fvpwMW"
  >
    <div>
      <div
        className="LeftNav__LogoContainer-sc-1s6k43w-5 ebRkKK"
      >
        <img
          alt="logo"
          onClick={[Function]}
          src={
            Object {
              "process": [Function],
            }
          }
          style={
            Object {
              "height": 40,
            }
          }
        />
        <div
          className="LeftNav__LogoMetaContainer-sc-1s6k43w-6 hAsnwr"
        >
          <img
            alt="title"
            src={
              Object {
                "process": [Function],
              }
            }
            style={
              Object {
                "height": 10,
              }
            }
          />
          <span />
        </div>
        <div
          className="WebsocketStatus__Circle-sc-18wix91-0 czFjku LeftNav__LogoWebsocketStatus-sc-1s6k43w-0 jcGFaP"
          style={
            Object {
              "background": "#3DCC91",
            }
          }
          title="Connecting..."
        />
      </div>
      <a
        className="LeftNav__Tab-sc-1s6k43w-3 jgIaWh"
        href="/runs"
        onClick={[Function]}
      >
        <span
          className="bp3-icon bp3-icon-history"
          icon="history"
        >
          <svg
            data-icon="history"
            height={18}
            viewBox="0 0 16 16"
            width={18}
          >
            <desc>
              history
            </desc>
            <path
              d="M8 3c-.55 0-1 .45-1 1v4c0 .28.11.53.29.71l2 2a1.003 1.003 0 001.42-1.42L9 7.59V4c0-.55-.45-1-1-1zm0-3a7.95 7.95 0 00-6 2.74V1c0-.55-.45-1-1-1S0 .45 0 1v4c0 .55.45 1 1 1h4c.55 0 1-.45 1-1s-.45-1-1-1H3.54C4.64 2.78 6.23 2 8 2c3.31 0 6 2.69 6 6 0 2.61-1.67 4.81-4 5.63v-.01c-.63.23-1.29.38-2 .38-3.31 0-6-2.69-6-6 0-.55-.45-1-1-1s-1 .45-1 1c0 4.42 3.58 8 8 8 .34 0 .67-.03 1-.07.02 0 .04-.01.06-.01C12.98 15.4 16 12.06 16 8c0-4.42-3.58-8-8-8z"
              fillRule="evenodd"
            />
          </svg>
        </span>
        <div
          className="LeftNav__TabLabel-sc-1s6k43w-4 kirFmu"
        >
          Runs
        </div>
      </a>
      <a
        className="LeftNav__Tab-sc-1s6k43w-3 jgIaWh"
        href="/assets"
        onClick={[Function]}
      >
        <span
          className="bp3-icon bp3-icon-panel-table"
          icon="panel-table"
        >
          <svg
            data-icon="panel-table"
            height={18}
            viewBox="0 0 16 16"
            width={18}
          >
            <desc>
              panel-table
            </desc>
            <path
              d="M15 1H1c-.6 0-1 .4-1 1v11c0 .6.4 1 1 1h14c.6 0 1-.4 1-1V2c0-.6-.4-1-1-1zM8 9H6V7h2v2zm0-3H6V4h2v2zm-6 6V3h3v9H2zm4 0v-2h2v2H6zm8 0H9v-2h5v2zm0-3H9V7h5v2zm0-3H9V4h5v2z"
              fillRule="evenodd"
            />
          </svg>
        </span>
        <div
          className="LeftNav__TabLabel-sc-1s6k43w-4 kirFmu"
        >
          Assets
        </div>
      </a>
      <a
        className="LeftNav__Tab-sc-1s6k43w-3 jgIaWh"
        href="/scheduler"
        onClick={[Function]}
      >
        <span
          className="bp3-icon bp3-icon-time"
          icon="time"
        >
          <svg
            data-icon="time"
            height={18}
            viewBox="0 0 16 16"
            width={18}
          >
            <desc>
              time
            </desc>
            <path
              d="M8 0C3.58 0 0 3.58 0 8s3.58 8 8 8 8-3.58 8-8-3.58-8-8-8zm0 14c-3.31 0-6-2.69-6-6s2.69-6 6-6 6 2.69 6 6-2.69 6-6 6zm1-6.41V4c0-.55-.45-1-1-1s-1 .45-1 1v4c0 .28.11.53.29.71l2 2a1.003 1.003 0 001.42-1.42L9 7.59z"
              fillRule="evenodd"
            />
          </svg>
        </span>
        <div
          className="LeftNav__TabLabel-sc-1s6k43w-4 kirFmu"
        >
          Scheduler
        </div>
      </a>
    </div>
    <div
      style={
        Object {
          "height": 20,
        }
      }
    />
    <div
      className="bp3-dark"
      style={
        Object {
          "background": "rgba(0,0,0,0.3)",
          "color": "#FFFFFF",
          "display": "flex",
          "flex": 1,
          "flexDirection": "column",
          "overflow": "none",
        }
      }
    >
      <div
        className="bp3-popover-wrapper bp3-fill"
      >
        <div
          className="bp3-popover-target"
          onClick={[Function]}
        >
          <div
            className="RepositoryPicker__RepositoryPickerFlexContainer-lrfok7-1 hkytLz"
          >
            <div
              style={
                Object {
                  "flex": 1,
                  "minWidth": 0,
                }
              }
            >
              <div
                style={
                  Object {
                    "color": "#5C7080",
                    "fontSize": 10.5,
                    "userSelect": "none",
                  }
                }
              >
                REPOSITORY
              </div>
              <div
                className="RepositoryPicker__RepoTitle-lrfok7-0 rHXJq"
              >
                <div
                  className="bp3-spinner"
                >
                  <div
                    className="bp3-spinner-animation"
                  >
                    <svg
                      height={16}
                      strokeWidth="16.00"
                      viewBox="-3.00 -3.00 106.00 106.00"
                      width={16}
                    >
                      <path
                        className="bp3-spinner-track"
                        d="M 50,50 m 0,-45 a 45,45 0 1 1 0,90 a 45,45 0 1 1 0,-90"
                      />
                      <path
                        className="bp3-spinner-head"
                        d="M 50,50 m 0,-45 a 45,45 0 1 1 0,90 a 45,45 0 1 1 0,-90"
                        pathLength={280}
                        strokeDasharray="280 280"
                        strokeDashoffset={210}
                      />
                    </svg>
                  </div>
                </div>
              </div>
            </div>
          </div>
        </div>
      </div>
    </div>
  </div>
  <div
    className="bp3-non-ideal-state"
  >
    <div
      className="bp3-non-ideal-state-visual"
    >
      <div
        className="bp3-spinner"
      >
        <div
          className="bp3-spinner-animation"
        >
          <svg
            height={24}
            strokeWidth="16.00"
            viewBox="-3.00 -3.00 106.00 106.00"
            width={24}
          >
            <path
              className="bp3-spinner-track"
              d="M 50,50 m 0,-45 a 45,45 0 1 1 0,90 a 45,45 0 1 1 0,-90"
            />
            <path
              className="bp3-spinner-head"
              d="M 50,50 m 0,-45 a 45,45 0 1 1 0,90 a 45,45 0 1 1 0,-90"
              pathLength={280}
              strokeDasharray="280 280"
              strokeDashoffset={210}
            />
          </svg>
        </div>
      </div>
    </div>
  </div>
</div>
`;

exports[`renders type page 1`] = `
<div
  style={
    Object {
      "display": "flex",
      "height": "100%",
    }
  }
>
  <div
    className="LeftNav__LeftNavContainer-sc-1s6k43w-2 fvpwMW"
  >
    <div>
      <div
        className="LeftNav__LogoContainer-sc-1s6k43w-5 ebRkKK"
      >
        <img
          alt="logo"
          onClick={[Function]}
          src={
            Object {
              "process": [Function],
            }
          }
          style={
            Object {
              "height": 40,
            }
          }
        />
        <div
          className="LeftNav__LogoMetaContainer-sc-1s6k43w-6 hAsnwr"
        >
          <img
            alt="title"
            src={
              Object {
                "process": [Function],
              }
            }
            style={
              Object {
                "height": 10,
              }
            }
          />
          <span />
        </div>
        <div
          className="WebsocketStatus__Circle-sc-18wix91-0 czFjku LeftNav__LogoWebsocketStatus-sc-1s6k43w-0 jcGFaP"
          style={
            Object {
              "background": "#3DCC91",
            }
          }
          title="Connecting..."
        />
      </div>
      <a
        className="LeftNav__Tab-sc-1s6k43w-3 jgIaWh"
        href="/runs"
        onClick={[Function]}
      >
        <span
          className="bp3-icon bp3-icon-history"
          icon="history"
        >
          <svg
            data-icon="history"
            height={18}
            viewBox="0 0 16 16"
            width={18}
          >
            <desc>
              history
            </desc>
            <path
              d="M8 3c-.55 0-1 .45-1 1v4c0 .28.11.53.29.71l2 2a1.003 1.003 0 001.42-1.42L9 7.59V4c0-.55-.45-1-1-1zm0-3a7.95 7.95 0 00-6 2.74V1c0-.55-.45-1-1-1S0 .45 0 1v4c0 .55.45 1 1 1h4c.55 0 1-.45 1-1s-.45-1-1-1H3.54C4.64 2.78 6.23 2 8 2c3.31 0 6 2.69 6 6 0 2.61-1.67 4.81-4 5.63v-.01c-.63.23-1.29.38-2 .38-3.31 0-6-2.69-6-6 0-.55-.45-1-1-1s-1 .45-1 1c0 4.42 3.58 8 8 8 .34 0 .67-.03 1-.07.02 0 .04-.01.06-.01C12.98 15.4 16 12.06 16 8c0-4.42-3.58-8-8-8z"
              fillRule="evenodd"
            />
          </svg>
        </span>
        <div
          className="LeftNav__TabLabel-sc-1s6k43w-4 kirFmu"
        >
          Runs
        </div>
      </a>
      <a
        className="LeftNav__Tab-sc-1s6k43w-3 jgIaWh"
        href="/assets"
        onClick={[Function]}
      >
        <span
          className="bp3-icon bp3-icon-panel-table"
          icon="panel-table"
        >
          <svg
            data-icon="panel-table"
            height={18}
            viewBox="0 0 16 16"
            width={18}
          >
            <desc>
              panel-table
            </desc>
            <path
              d="M15 1H1c-.6 0-1 .4-1 1v11c0 .6.4 1 1 1h14c.6 0 1-.4 1-1V2c0-.6-.4-1-1-1zM8 9H6V7h2v2zm0-3H6V4h2v2zm-6 6V3h3v9H2zm4 0v-2h2v2H6zm8 0H9v-2h5v2zm0-3H9V7h5v2zm0-3H9V4h5v2z"
              fillRule="evenodd"
            />
          </svg>
        </span>
        <div
          className="LeftNav__TabLabel-sc-1s6k43w-4 kirFmu"
        >
          Assets
        </div>
      </a>
      <a
        className="LeftNav__Tab-sc-1s6k43w-3 jgIaWh"
        href="/scheduler"
        onClick={[Function]}
      >
        <span
          className="bp3-icon bp3-icon-time"
          icon="time"
        >
          <svg
            data-icon="time"
            height={18}
            viewBox="0 0 16 16"
            width={18}
          >
            <desc>
              time
            </desc>
            <path
              d="M8 0C3.58 0 0 3.58 0 8s3.58 8 8 8 8-3.58 8-8-3.58-8-8-8zm0 14c-3.31 0-6-2.69-6-6s2.69-6 6-6 6 2.69 6 6-2.69 6-6 6zm1-6.41V4c0-.55-.45-1-1-1s-1 .45-1 1v4c0 .28.11.53.29.71l2 2a1.003 1.003 0 001.42-1.42L9 7.59z"
              fillRule="evenodd"
            />
          </svg>
        </span>
        <div
          className="LeftNav__TabLabel-sc-1s6k43w-4 kirFmu"
        >
          Scheduler
        </div>
      </a>
    </div>
    <div
      style={
        Object {
          "height": 20,
        }
      }
    />
    <div
      className="bp3-dark"
      style={
        Object {
          "background": "rgba(0,0,0,0.3)",
          "color": "#FFFFFF",
          "display": "flex",
          "flex": 1,
          "flexDirection": "column",
          "overflow": "none",
        }
      }
    >
      <div
        className="bp3-popover-wrapper bp3-fill"
      >
        <div
          className="bp3-popover-target"
          onClick={[Function]}
        >
          <div
            className="RepositoryPicker__RepositoryPickerFlexContainer-lrfok7-1 hkytLz"
          >
            <div
              style={
                Object {
                  "flex": 1,
                  "minWidth": 0,
                }
              }
            >
              <div
                style={
                  Object {
                    "color": "#5C7080",
                    "fontSize": 10.5,
                    "userSelect": "none",
                  }
                }
              >
                REPOSITORY
              </div>
              <div
                className="RepositoryPicker__RepoTitle-lrfok7-0 rHXJq"
              >
                <div
                  className="bp3-spinner"
                >
                  <div
                    className="bp3-spinner-animation"
                  >
                    <svg
                      height={16}
                      strokeWidth="16.00"
                      viewBox="-3.00 -3.00 106.00 106.00"
                      width={16}
                    >
                      <path
                        className="bp3-spinner-track"
                        d="M 50,50 m 0,-45 a 45,45 0 1 1 0,90 a 45,45 0 1 1 0,-90"
                      />
                      <path
                        className="bp3-spinner-head"
                        d="M 50,50 m 0,-45 a 45,45 0 1 1 0,90 a 45,45 0 1 1 0,-90"
                        pathLength={280}
                        strokeDasharray="280 280"
                        strokeDashoffset={210}
                      />
                    </svg>
                  </div>
                </div>
              </div>
            </div>
          </div>
        </div>
      </div>
    </div>
  </div>
  <div
    className="bp3-non-ideal-state"
  >
    <div
      className="bp3-non-ideal-state-visual"
    >
      <div
        className="bp3-spinner"
      >
        <div
          className="bp3-spinner-animation"
        >
          <svg
            height={24}
            strokeWidth="16.00"
            viewBox="-3.00 -3.00 106.00 106.00"
            width={24}
          >
            <path
              className="bp3-spinner-track"
              d="M 50,50 m 0,-45 a 45,45 0 1 1 0,90 a 45,45 0 1 1 0,-90"
            />
            <path
              className="bp3-spinner-head"
              d="M 50,50 m 0,-45 a 45,45 0 1 1 0,90 a 45,45 0 1 1 0,-90"
              pathLength={280}
              strokeDasharray="280 280"
              strokeDashoffset={210}
            />
          </svg>
        </div>
      </div>
    </div>
  </div>
</div>
`;

exports[`renders type page 2`] = `
<div
  style={
    Object {
      "display": "flex",
      "height": "100%",
    }
  }
>
  <div
    className="LeftNav__LeftNavContainer-sc-1s6k43w-2 fvpwMW"
  >
    <div>
      <div
        className="LeftNav__LogoContainer-sc-1s6k43w-5 ebRkKK"
      >
        <img
          alt="logo"
          onClick={[Function]}
          src={
            Object {
              "process": [Function],
            }
          }
          style={
            Object {
              "height": 40,
            }
          }
        />
        <div
          className="LeftNav__LogoMetaContainer-sc-1s6k43w-6 hAsnwr"
        >
          <img
            alt="title"
            src={
              Object {
                "process": [Function],
              }
            }
            style={
              Object {
                "height": 10,
              }
            }
          />
          <span />
        </div>
        <div
          className="WebsocketStatus__Circle-sc-18wix91-0 czFjku LeftNav__LogoWebsocketStatus-sc-1s6k43w-0 jcGFaP"
          style={
            Object {
              "background": "#3DCC91",
            }
          }
          title="Connecting..."
        />
      </div>
      <a
        className="LeftNav__Tab-sc-1s6k43w-3 jgIaWh"
        href="/runs"
        onClick={[Function]}
      >
        <span
          className="bp3-icon bp3-icon-history"
          icon="history"
        >
          <svg
            data-icon="history"
            height={18}
            viewBox="0 0 16 16"
            width={18}
          >
            <desc>
              history
            </desc>
            <path
              d="M8 3c-.55 0-1 .45-1 1v4c0 .28.11.53.29.71l2 2a1.003 1.003 0 001.42-1.42L9 7.59V4c0-.55-.45-1-1-1zm0-3a7.95 7.95 0 00-6 2.74V1c0-.55-.45-1-1-1S0 .45 0 1v4c0 .55.45 1 1 1h4c.55 0 1-.45 1-1s-.45-1-1-1H3.54C4.64 2.78 6.23 2 8 2c3.31 0 6 2.69 6 6 0 2.61-1.67 4.81-4 5.63v-.01c-.63.23-1.29.38-2 .38-3.31 0-6-2.69-6-6 0-.55-.45-1-1-1s-1 .45-1 1c0 4.42 3.58 8 8 8 .34 0 .67-.03 1-.07.02 0 .04-.01.06-.01C12.98 15.4 16 12.06 16 8c0-4.42-3.58-8-8-8z"
              fillRule="evenodd"
            />
          </svg>
        </span>
        <div
          className="LeftNav__TabLabel-sc-1s6k43w-4 kirFmu"
        >
          Runs
        </div>
      </a>
      <a
        className="LeftNav__Tab-sc-1s6k43w-3 jgIaWh"
        href="/assets"
        onClick={[Function]}
      >
        <span
          className="bp3-icon bp3-icon-panel-table"
          icon="panel-table"
        >
          <svg
            data-icon="panel-table"
            height={18}
            viewBox="0 0 16 16"
            width={18}
          >
            <desc>
              panel-table
            </desc>
            <path
              d="M15 1H1c-.6 0-1 .4-1 1v11c0 .6.4 1 1 1h14c.6 0 1-.4 1-1V2c0-.6-.4-1-1-1zM8 9H6V7h2v2zm0-3H6V4h2v2zm-6 6V3h3v9H2zm4 0v-2h2v2H6zm8 0H9v-2h5v2zm0-3H9V7h5v2zm0-3H9V4h5v2z"
              fillRule="evenodd"
            />
          </svg>
        </span>
        <div
          className="LeftNav__TabLabel-sc-1s6k43w-4 kirFmu"
        >
          Assets
        </div>
      </a>
      <a
        className="LeftNav__Tab-sc-1s6k43w-3 jgIaWh"
        href="/scheduler"
        onClick={[Function]}
      >
        <span
          className="bp3-icon bp3-icon-time"
          icon="time"
        >
          <svg
            data-icon="time"
            height={18}
            viewBox="0 0 16 16"
            width={18}
          >
            <desc>
              time
            </desc>
            <path
              d="M8 0C3.58 0 0 3.58 0 8s3.58 8 8 8 8-3.58 8-8-3.58-8-8-8zm0 14c-3.31 0-6-2.69-6-6s2.69-6 6-6 6 2.69 6 6-2.69 6-6 6zm1-6.41V4c0-.55-.45-1-1-1s-1 .45-1 1v4c0 .28.11.53.29.71l2 2a1.003 1.003 0 001.42-1.42L9 7.59z"
              fillRule="evenodd"
            />
          </svg>
        </span>
        <div
          className="LeftNav__TabLabel-sc-1s6k43w-4 kirFmu"
        >
          Scheduler
        </div>
      </a>
    </div>
    <div
      style={
        Object {
          "height": 20,
        }
      }
    />
    <div
      className="bp3-dark"
      style={
        Object {
          "background": "rgba(0,0,0,0.3)",
          "color": "#FFFFFF",
          "display": "flex",
          "flex": 1,
          "flexDirection": "column",
          "overflow": "none",
        }
      }
    >
      <div
        className="bp3-popover-wrapper bp3-fill"
      >
        <div
          className="bp3-popover-target"
          onClick={[Function]}
        >
          <div
            className="RepositoryPicker__RepositoryPickerFlexContainer-lrfok7-1 hkytLz"
          >
            <div
              style={
                Object {
                  "flex": 1,
                  "minWidth": 0,
                }
              }
            >
              <div
                style={
                  Object {
                    "color": "#5C7080",
                    "fontSize": 10.5,
                    "userSelect": "none",
                  }
                }
              >
                REPOSITORY
              </div>
              <div
                className="RepositoryPicker__RepoTitle-lrfok7-0 rHXJq"
              >
                <div
                  className="bp3-spinner"
                >
                  <div
                    className="bp3-spinner-animation"
                  >
                    <svg
                      height={16}
                      strokeWidth="16.00"
                      viewBox="-3.00 -3.00 106.00 106.00"
                      width={16}
                    >
                      <path
                        className="bp3-spinner-track"
                        d="M 50,50 m 0,-45 a 45,45 0 1 1 0,90 a 45,45 0 1 1 0,-90"
                      />
                      <path
                        className="bp3-spinner-head"
                        d="M 50,50 m 0,-45 a 45,45 0 1 1 0,90 a 45,45 0 1 1 0,-90"
                        pathLength={280}
                        strokeDasharray="280 280"
                        strokeDashoffset={210}
                      />
                    </svg>
                  </div>
                </div>
              </div>
            </div>
          </div>
        </div>
      </div>
    </div>
  </div>
  <div
    className="bp3-non-ideal-state"
  >
    <div
      className="bp3-non-ideal-state-visual"
    >
      <div
        className="bp3-spinner"
      >
        <div
          className="bp3-spinner-animation"
        >
          <svg
            height={24}
            strokeWidth="16.00"
            viewBox="-3.00 -3.00 106.00 106.00"
            width={24}
          >
            <path
              className="bp3-spinner-track"
              d="M 50,50 m 0,-45 a 45,45 0 1 1 0,90 a 45,45 0 1 1 0,-90"
            />
            <path
              className="bp3-spinner-head"
              d="M 50,50 m 0,-45 a 45,45 0 1 1 0,90 a 45,45 0 1 1 0,-90"
              pathLength={280}
              strokeDasharray="280 280"
              strokeDashoffset={210}
            />
          </svg>
        </div>
      </div>
    </div>
  </div>
</div>
`;

exports[`renders without error 1`] = `
<div
  style={
    Object {
      "display": "flex",
      "height": "100%",
    }
  }
>
  <div
    className="LeftNav__LeftNavContainer-sc-1s6k43w-2 fvpwMW"
  >
    <div>
      <div
        className="LeftNav__LogoContainer-sc-1s6k43w-5 ebRkKK"
      >
        <img
          alt="logo"
          onClick={[Function]}
          src={
            Object {
              "process": [Function],
            }
          }
          style={
            Object {
              "height": 40,
            }
          }
        />
        <div
          className="LeftNav__LogoMetaContainer-sc-1s6k43w-6 hAsnwr"
        >
          <img
            alt="title"
            src={
              Object {
                "process": [Function],
              }
            }
            style={
              Object {
                "height": 10,
              }
            }
          />
          <span />
        </div>
        <div
          className="WebsocketStatus__Circle-sc-18wix91-0 czFjku LeftNav__LogoWebsocketStatus-sc-1s6k43w-0 jcGFaP"
          style={
            Object {
              "background": "#3DCC91",
            }
          }
          title="Connecting..."
        />
      </div>
      <a
        className="LeftNav__Tab-sc-1s6k43w-3 jgIaWh"
        href="/runs"
        onClick={[Function]}
      >
        <span
          className="bp3-icon bp3-icon-history"
          icon="history"
        >
          <svg
            data-icon="history"
            height={18}
            viewBox="0 0 16 16"
            width={18}
          >
            <desc>
              history
            </desc>
            <path
              d="M8 3c-.55 0-1 .45-1 1v4c0 .28.11.53.29.71l2 2a1.003 1.003 0 001.42-1.42L9 7.59V4c0-.55-.45-1-1-1zm0-3a7.95 7.95 0 00-6 2.74V1c0-.55-.45-1-1-1S0 .45 0 1v4c0 .55.45 1 1 1h4c.55 0 1-.45 1-1s-.45-1-1-1H3.54C4.64 2.78 6.23 2 8 2c3.31 0 6 2.69 6 6 0 2.61-1.67 4.81-4 5.63v-.01c-.63.23-1.29.38-2 .38-3.31 0-6-2.69-6-6 0-.55-.45-1-1-1s-1 .45-1 1c0 4.42 3.58 8 8 8 .34 0 .67-.03 1-.07.02 0 .04-.01.06-.01C12.98 15.4 16 12.06 16 8c0-4.42-3.58-8-8-8z"
              fillRule="evenodd"
            />
          </svg>
        </span>
        <div
          className="LeftNav__TabLabel-sc-1s6k43w-4 kirFmu"
        >
          Runs
        </div>
      </a>
      <a
        className="LeftNav__Tab-sc-1s6k43w-3 jgIaWh"
        href="/assets"
        onClick={[Function]}
      >
        <span
          className="bp3-icon bp3-icon-panel-table"
          icon="panel-table"
        >
          <svg
            data-icon="panel-table"
            height={18}
            viewBox="0 0 16 16"
            width={18}
          >
            <desc>
              panel-table
            </desc>
            <path
              d="M15 1H1c-.6 0-1 .4-1 1v11c0 .6.4 1 1 1h14c.6 0 1-.4 1-1V2c0-.6-.4-1-1-1zM8 9H6V7h2v2zm0-3H6V4h2v2zm-6 6V3h3v9H2zm4 0v-2h2v2H6zm8 0H9v-2h5v2zm0-3H9V7h5v2zm0-3H9V4h5v2z"
              fillRule="evenodd"
            />
          </svg>
        </span>
        <div
          className="LeftNav__TabLabel-sc-1s6k43w-4 kirFmu"
        >
          Assets
        </div>
      </a>
      <a
        className="LeftNav__Tab-sc-1s6k43w-3 jgIaWh"
        href="/scheduler"
        onClick={[Function]}
      >
        <span
          className="bp3-icon bp3-icon-time"
          icon="time"
        >
          <svg
            data-icon="time"
            height={18}
            viewBox="0 0 16 16"
            width={18}
          >
            <desc>
              time
            </desc>
            <path
              d="M8 0C3.58 0 0 3.58 0 8s3.58 8 8 8 8-3.58 8-8-3.58-8-8-8zm0 14c-3.31 0-6-2.69-6-6s2.69-6 6-6 6 2.69 6 6-2.69 6-6 6zm1-6.41V4c0-.55-.45-1-1-1s-1 .45-1 1v4c0 .28.11.53.29.71l2 2a1.003 1.003 0 001.42-1.42L9 7.59z"
              fillRule="evenodd"
            />
          </svg>
        </span>
        <div
          className="LeftNav__TabLabel-sc-1s6k43w-4 kirFmu"
        >
          Scheduler
        </div>
      </a>
    </div>
    <div
      style={
        Object {
          "height": 20,
        }
      }
    />
    <div
      className="bp3-dark"
      style={
        Object {
          "background": "rgba(0,0,0,0.3)",
          "color": "#FFFFFF",
          "display": "flex",
          "flex": 1,
          "flexDirection": "column",
          "overflow": "none",
        }
      }
    >
      <div
        className="bp3-popover-wrapper bp3-fill"
      >
        <div
          className="bp3-popover-target"
          onClick={[Function]}
        >
          <div
            className="RepositoryPicker__RepositoryPickerFlexContainer-lrfok7-1 hkytLz"
          >
            <div
              style={
                Object {
                  "flex": 1,
                  "minWidth": 0,
                }
              }
            >
              <div
                style={
                  Object {
                    "color": "#5C7080",
                    "fontSize": 10.5,
                    "userSelect": "none",
                  }
                }
              >
                REPOSITORY
              </div>
              <div
                className="RepositoryPicker__RepoTitle-lrfok7-0 rHXJq"
              >
                <div
                  className="bp3-spinner"
                >
                  <div
                    className="bp3-spinner-animation"
                  >
                    <svg
                      height={16}
                      strokeWidth="16.00"
                      viewBox="-3.00 -3.00 106.00 106.00"
                      width={16}
                    >
                      <path
                        className="bp3-spinner-track"
                        d="M 50,50 m 0,-45 a 45,45 0 1 1 0,90 a 45,45 0 1 1 0,-90"
                      />
                      <path
                        className="bp3-spinner-head"
                        d="M 50,50 m 0,-45 a 45,45 0 1 1 0,90 a 45,45 0 1 1 0,-90"
                        pathLength={280}
                        strokeDasharray="280 280"
                        strokeDashoffset={210}
                      />
                    </svg>
                  </div>
                </div>
              </div>
            </div>
          </div>
        </div>
      </div>
    </div>
  </div>
  <div
    className="bp3-non-ideal-state"
  >
    <div
      className="bp3-non-ideal-state-visual"
    >
      <div
        className="bp3-spinner"
      >
        <div
          className="bp3-spinner-animation"
        >
          <svg
            height={24}
            strokeWidth="16.00"
            viewBox="-3.00 -3.00 106.00 106.00"
            width={24}
          >
            <path
              className="bp3-spinner-track"
              d="M 50,50 m 0,-45 a 45,45 0 1 1 0,90 a 45,45 0 1 1 0,-90"
            />
            <path
              className="bp3-spinner-head"
              d="M 50,50 m 0,-45 a 45,45 0 1 1 0,90 a 45,45 0 1 1 0,-90"
              pathLength={280}
              strokeDasharray="280 280"
              strokeDashoffset={210}
            />
          </svg>
        </div>
      </div>
    </div>
  </div>
</div>
`;
